[
    {
        "timestamp": "2026-07-05 13:47:59.051101",
        "cpu_info": "USER         PID %CPU %MEM    VSZ   RSS TTY      STAT START   TIME COMMAND\nhenok_g+    2108 15.1  5.8 37935052 955872 pts/5 Sl+  12:32  11:23 /home/henok_gebeyehu/.vscode-server/bin/4fe60c8b1cdac1c4c174f2fb180d0d758272d713/node --dns-result-order=ipv4first /home/henok_gebeyehu/.vscode-server/bin/4fe60c8b1cdac1c4c174f2fb180d0d758272d713/out/bootstrap-fork --type=extensionHost --transformURIs --useHostProxy=true\nhenok_g+    3437  5.7  5.8 12818652 962952 pts/5 Sl+  12:35   4:09 /home/henok_gebeyehu/.vscode-server/bin/4fe60c8b1cdac1c4c174f2fb180d0d758272d713/node /home/henok_gebeyehu/.vscode-server/extensions/ms-python.vscode-pylance-2026.2.1/dist/server.bundle.js --cancellationReceive=file:2025757196a4cae51a8c17699f40ea65cd4ac37c28 --node-ipc --clientProcessId=2108\nhenok_g+   18739  0.4  0.0  17056 11924 pts/10   S+   13:47   0:00 /usr/bin/python3 /home/henok_gebeyehu/project0-sre-vm-tool/sre_tool.py\nhenok_g+    2076  0.3  0.3 1409484 60000 pts/7   Ssl+ 12:32   0:17 /home/henok_gebeyehu/.vscode-server/bin/4fe60c8b1cdac1c4c174f2fb180d0d758272d713/node -e const net = require('net'); process.stdin.pause(); const client = net.createConnection({ host: '127.0.0.1', port: 35793 }, () => { client.pipe(process.stdout); process.stdin.pipe(client); }); client.on('close', function (hadError) { console.error(hadError ? 'Remote close with error' : 'Remote close'); process.exit(hadError ? 1 : 0); }); client.on('error', function (err) { process.stderr.write(err && (err.stack || err.message) || String(err)); });\nhenok_g+    2053  0.3  0.9 1792588 156632 pts/5  Sl+  12:32   0:15 /home/henok_gebeyehu/.vscode-server/bin/4fe60c8b1cdac1c4c174f2fb180d0d758272d713/node /home/henok_gebeyehu/.vscode-server/bin/4fe60c8b1cdac1c4c174f2fb180d0d758272d713/out/server-main.js --host=127.0.0.1 --port=0 --connection-token=113362288-673416172-1799407193-2812900823 --use-host-proxy --without-browser-env-var --disable-websocket-compression --accept-server-license-terms --telemetry-level=all",
        "memory_info": "total        used        free      shared  buff/cache   available\nMem:            15Gi       2.9Gi        12Gi       4.4Mi       738Mi        12Gi\nSwap:          4.0Gi          0B       4.0Gi",
        "disk_info": "Filesystem                                Size  Used Avail Use% Mounted on\nnone                                      7.8G     0  7.8G   0% /usr/lib/modules/6.18.33.2-microsoft-standard-WSL2\nnone                                      7.8G  4.0K  7.8G   1% /mnt/wsl\nnone                                      7.8G  620K  7.8G   1% /mnt/wsl/docker-desktop/shared-sockets/host-services\n/dev/sde                                  127M   63M   54M  54% /mnt/wsl/docker-desktop/docker-desktop-user-distro\n/dev/loop0                                792M  792M     0 100% /mnt/wsl/docker-desktop/cli-tools\ndrivers                                   954G  158G  796G  17% /usr/lib/wsl/drivers\n/dev/sdf                                 1007G  3.6G  953G   1% /\nnone                                      7.8G   40K  7.8G   1% /mnt/wslg\nnone                                      7.8G     0  7.8G   0% /usr/lib/wsl/lib\nrootfs                                    7.8G  2.8M  7.8G   1% /init\nnone                                      7.8G  512K  7.8G   1% /run\nnone                                      7.8G     0  7.8G   0% /run/lock\nnone                                      7.8G     0  7.8G   0% /run/shm\nnone                                      7.8G   80K  7.8G   1% /mnt/wslg/versions.txt\nnone                                      7.8G   80K  7.8G   1% /mnt/wslg/doc\nC:\\                                       954G  158G  796G  17% /mnt/c\ntmpfs                                     1.6G   20K  1.6G   1% /run/user/1000\ntmpfs                                     1.6G   20K  1.6G   1% /run/user/0\nC:\\Program Files\\Docker\\Docker\\resources  954G  158G  796G  17% /Docker/host",
        "network_info": "Netid State  Recv-Q Send-Q Local Address:Port  Peer Address:PortProcess\nudp   UNCONN 0      0         127.0.0.54:53         0.0.0.0:*          \nudp   UNCONN 0      0      127.0.0.53%lo:53         0.0.0.0:*          \nudp   UNCONN 0      0          127.0.0.1:323        0.0.0.0:*          \nudp   UNCONN 0      0            0.0.0.0:53501      0.0.0.0:*          \nudp   UNCONN 0      0              [::1]:323           [::]:*          \ntcp   LISTEN 0      511        127.0.0.1:35793      0.0.0.0:*          \ntcp   LISTEN 0      4096   127.0.0.53%lo:53         0.0.0.0:*          \ntcp   LISTEN 0      511        127.0.0.1:42556      0.0.0.0:*          \ntcp   LISTEN 0      4096      127.0.0.54:53         0.0.0.0:*"
    }
]